// Vitest Snapshot v1, https://vitest.dev/guide/snapshot.html

exports[`components/hero > will render correctly 1`] = `
<DocumentFragment>
  <article
    class="absolute bg-black bg-opacity-30 flex h-screen inset justify-center w-screen z-10"
  >
    <div
      class="text-center flex-col flex h-full items-center justify-center prose text-white drop-shadow-md"
    >
      <h1
        class="text-white text-6xl mb-0"
      >
        Hi iâ€™m Simon Fraser
      </h1>
      <p>
        A software engineering manager, developer and enterprise 
        <span
          class="underline"
          title="and TypeScript"
        >
          JavaScript
        </span>
         application specalist.
      </p>
    </div>
  </article>
</DocumentFragment>
`;
