// Vitest Snapshot v1, https://vitest.dev/guide/snapshot.html

exports[`components/peek > will render correctly 1`] = `
<DocumentFragment>
  <aside
    class="absolute bottom-2 right-2 z-20 opacity-50 transition hover:scale-150 hover:opacity-100"
  >
    <a
      href="https://github.com/simon-fraser/SimonF"
      target="_blank"
      title="View the source of this site"
    >
      <svg
        fill="none"
        height="24"
        stroke="white"
        stroke-linecap="round"
        stroke-linejoin="round"
        stroke-width="2"
        viewBox="0 0 24 24"
        width="100%"
        xmlns="http://www.w3.org/2000/svg"
      >
        <circle
          cx="18"
          cy="18"
          r="3"
        />
        <circle
          cx="6"
          cy="6"
          r="3"
        />
        <path
          d="M13 6h3a2 2 0 0 1 2 2v7"
        />
        <line
          x1="6"
          x2="6"
          y1="9"
          y2="21"
        />
      </svg>
    </a>
  </aside>
</DocumentFragment>
`;
